C:/Program Files/Krita (x64)/bin/ffmpeg.exe -hide_banner -y -y -r 16 -start_number 0 -start_number_range 1 -i C:/CodeZone/spooktober8/visual-novel-spooktober/Assets/Monster_Krita/frame%04d.png -i C:/CodeZone/spooktober8/visual-novel-spooktober/Assets/Monster_Krita/KritaTempPalettegen_%06d.png -lavfi [0:v][1:v]paletteuse=dither=sierra2_4a:diff_mode=none -f gif -loop 0 -gifflags +transdiff C:/CodeZone/spooktober8/visual-novel-spooktober/Assets/Monster_Krita/Littlefoot.gif
=====================================================
Input #0, image2, from 'C:/CodeZone/spooktober8/visual-novel-spooktober/Assets/Monster_Krita/frame%04d.png':
  Duration: 00:00:04.04, start: 0.000000, bitrate: N/A
  Stream #0:0: Video: png, rgba(pc, gbr/unknown/unknown), 1080x1080 [SAR 3937:3937 DAR 1:1], 25 fps, 25 tbr, 25 tbn
Input #1, image2, from 'C:/CodeZone/spooktober8/visual-novel-spooktober/Assets/Monster_Krita/KritaTempPalettegen_%06d.png':
  Duration: 00:00:00.04, start: 0.000000, bitrate: N/A
  Stream #1:0: Video: png, rgba(pc, gbr/unknown/unknown), 16x16 [SAR 1:1 DAR 1:1], 25 fps, 25 tbr, 25 tbn
Stream mapping:
  Stream #0:0 (png) -> paletteuse
  Stream #1:0 (png) -> paletteuse
  paletteuse:default -> Stream #0:0 (gif)
Press [q] to stop, [?] for help
Output #0, gif, to 'C:/CodeZone/spooktober8/visual-novel-spooktober/Assets/Monster_Krita/Littlefoot.gif':
  Metadata:
    encoder         : Lavf62.3.100
  Stream #0:0: Video: gif, pal8(pc, gbr/unknown/unknown, progressive), 1080x1080 [SAR 1:1 DAR 1:1], q=2-31, 200 kb/s, 16 fps, 100 tbn
    Metadata:
      encoder         : Lavc62.11.100 gif
frame=   21 fps=0.0 q=-0.0 size=      76KiB time=00:00:01.31 bitrate= 473.0kbits/s speed=2.59x elapsed=0:00:00.50    frame=   47 fps= 46 q=-0.0 size=     133KiB time=00:00:02.93 bitrate= 369.8kbits/s speed=2.88x elapsed=0:00:01.02    frame=   72 fps= 47 q=-0.0 size=     202KiB time=00:00:04.50 bitrate= 367.9kbits/s speed=2.96x elapsed=0:00:01.52    frame=   95 fps= 47 q=-0.0 size=     256KiB time=00:00:05.93 bitrate= 353.2kbits/s speed=2.93x elapsed=0:00:02.02    [out#0/gif @ 000001c439cbd340] video:317KiB audio:0KiB subtitle:0KiB other streams:0KiB global headers:0KiB muxing overhead: 0.006153%
frame=  101 fps= 47 q=-0.0 Lsize=     317KiB time=00:00:06.31 bitrate= 412.0kbits/s speed=2.97x elapsed=0:00:02.12    
